Archive member included because of file (symbol)

/opt/arm/4.3.2/bin/../lib/gcc/arm-none-linux-gnueabi/4.3.2/armv4t/libgcc.a(_udivsi3.o)
                              arch/arm/cpu/arm920t/s3c24x0/built-in.o (__aeabi_uidiv)
/opt/arm/4.3.2/bin/../lib/gcc/arm-none-linux-gnueabi/4.3.2/armv4t/libgcc.a(_divsi3.o)
                              common/built-in.o (__aeabi_idiv)
/opt/arm/4.3.2/bin/../lib/gcc/arm-none-linux-gnueabi/4.3.2/armv4t/libgcc.a(_lshrdi3.o)
                              fs/built-in.o (__aeabi_llsr)
/opt/arm/4.3.2/bin/../lib/gcc/arm-none-linux-gnueabi/4.3.2/armv4t/libgcc.a(_ashldi3.o)
                              lib/built-in.o (__aeabi_llsl)
/opt/arm/4.3.2/bin/../lib/gcc/arm-none-linux-gnueabi/4.3.2/armv4t/libgcc.a(_dvmd_lnx.o)
                              /opt/arm/4.3.2/bin/../lib/gcc/arm-none-linux-gnueabi/4.3.2/armv4t/libgcc.a(_udivsi3.o) (__aeabi_idiv0)

Discarded input sections

 .data          0x00000000        0x0 arch/arm/cpu/arm920t/start.o
 .bss           0x00000000        0x0 arch/arm/cpu/arm920t/start.o
 .text          0x00000000        0x0 arch/arm/cpu/arm920t/built-in.o
 .data          0x00000000        0x0 arch/arm/cpu/arm920t/built-in.o
 .bss           0x00000000        0x0 arch/arm/cpu/arm920t/built-in.o
 .text          0x00000000        0x0 arch/arm/cpu/arm920t/s3c24x0/built-in.o
 .text.get_UCLK
                0x00000000        0x0 arch/arm/cpu/arm920t/s3c24x0/built-in.o
 .text.udelay_masked
                0x00000000        0x0 arch/arm/cpu/arm920t/s3c24x0/built-in.o
 .data          0x00000000        0x0 arch/arm/cpu/arm920t/s3c24x0/built-in.o
 .bss           0x00000000        0x0 arch/arm/cpu/arm920t/s3c24x0/built-in.o
 .text.__red_led_off
                0x00000000        0x0 arch/arm/lib/built-in.o
 .text.__green_led_on
                0x00000000        0x0 arch/arm/lib/built-in.o
 .text.__green_led_off
                0x00000000        0x0 arch/arm/lib/built-in.o
 .text.__yellow_led_on
                0x00000000        0x0 arch/arm/lib/built-in.o
 .text.__yellow_led_off
                0x00000000        0x0 arch/arm/lib/built-in.o
 .text.__blue_led_on
                0x00000000        0x0 arch/arm/lib/built-in.o
 .text.__blue_led_off
                0x00000000        0x0 arch/arm/lib/built-in.o
 .text.__mmu_page_table_flush
                0x00000000        0x0 arch/arm/lib/built-in.o
 .text.mmu_set_region_dcache_behaviour
                0x00000000        0x0 arch/arm/lib/built-in.o
 .text.__enable_caches
                0x00000000        0x0 arch/arm/lib/built-in.o
 .data          0x00000000        0x0 arch/arm/lib/built-in.o
 .bss           0x00000000        0x0 arch/arm/lib/built-in.o
 .data          0x00000000        0x0 board/samsung/smdk2440/built-in.o
 .bss           0x00000000        0x0 board/samsung/smdk2440/built-in.o
 .text          0x00000000        0x0 common/built-in.o
 .text.flush_dcache_all
                0x00000000        0x0 common/built-in.o
 .text.getenv_hex
                0x00000000        0x0 common/built-in.o
 .text.disable_ctrlc
                0x00000000        0x0 common/built-in.o
 .text.dbg      0x00000000        0x0 common/built-in.o
 .text.fprintf  0x00000000        0x0 common/built-in.o
 .text.serial_printf
                0x00000000        0x0 common/built-in.o
 .text.malloc_usable_size
                0x00000000        0x0 common/built-in.o
 .text.mallopt  0x00000000        0x0 common/built-in.o
 .text.cfree    0x00000000        0x0 common/built-in.o
 .text.pvalloc  0x00000000        0x0 common/built-in.o
 .text.valloc   0x00000000        0x0 common/built-in.o
 .text.env_flags_parse_varaccess_from_binflags
                0x00000000        0x0 common/built-in.o
 .text.hash_block
                0x00000000        0x0 common/built-in.o
 .text.indenter
                0x00000000        0x0 common/built-in.o
 .text.unset_local_var
                0x00000000        0x0 common/built-in.o
 .text.genimg_has_config
                0x00000000        0x0 common/built-in.o
 .text.get_table_entry_id
                0x00000000        0x0 common/built-in.o
 .text.genimg_get_comp_id
                0x00000000        0x0 common/built-in.o
 .text.genimg_get_type_id
                0x00000000        0x0 common/built-in.o
 .text.genimg_get_arch_id
                0x00000000        0x0 common/built-in.o
 .text.genimg_get_os_id
                0x00000000        0x0 common/built-in.o
 .text.image_setup_linux
                0x00000000        0x0 common/built-in.o
 .text.getenv_bootm_mapsize
                0x00000000        0x0 common/built-in.o
 .text.parse_line
                0x00000000        0x0 common/built-in.o
 .text.get_ram_size
                0x00000000        0x0 common/built-in.o
 .text.__splash_screen_prepare
                0x00000000        0x0 common/built-in.o
 .text.board_usb_init
                0x00000000        0x0 common/built-in.o
 .text.usb_get_class_descriptor
                0x00000000        0x0 common/built-in.o
[...]
Memory Configuration

Name             Origin             Length             Attributes
*default*        0x00000000         0xffffffff

Linker script and memory map

                0x00000000                . = 0x0
                0x00000000                . = ALIGN (0x4)

.text           0x00000000    0x42bdc
 *(.__image_copy_start)
 .__image_copy_start
                0x00000000        0x0 arch/arm/lib/built-in.o
                0x00000000                __image_copy_start
 arch/arm/cpu/arm920t/start.o(.text*)
 .text          0x00000000      0x3a0 arch/arm/cpu/arm920t/start.o
                0x00000050                IRQ_STACK_START_IN
                0x00000000                _start
                0x00000044                _bss_start_ofs
                0x00000048                _bss_end_ofs
                0x0000004c                _end_ofs
                0x000000b4                c_runtime_cpu_setup
                0x00000040                _TEXT_BASE
 *(.text*)
 .text.cleanup_before_linux
                0x000003a0       0x20 arch/arm/cpu/arm920t/built-in.o
                0x000003a0                cleanup_before_linux
 .text.print_cpuinfo
                0x000003c0       0x98 arch/arm/cpu/arm920t/s3c24x0/built-in.o
                0x000003c0                print_cpuinfo
 .text.get_PLLCLK
                0x00000458       0x9c arch/arm/cpu/arm920t/s3c24x0/built-in.o
 .text.get_FCLK
                0x000004f4        0x8 arch/arm/cpu/arm920t/s3c24x0/built-in.o
                0x000004f4                get_FCLK
 .text.get_HCLK
                0x000004fc       0x9c arch/arm/cpu/arm920t/s3c24x0/built-in.o
                0x000004fc                get_HCLK
 .text.get_PCLK
                0x00000598       0x2c arch/arm/cpu/arm920t/s3c24x0/built-in.o
                0x00000598                get_PCLK
 .text.get_ticks
                0x000005c4       0x68 arch/arm/cpu/arm920t/s3c24x0/built-in.o
                0x000005c4                get_ticks
 .text.get_timer_masked
                0x0000062c       0x28 arch/arm/cpu/arm920t/s3c24x0/built-in.o
                0x0000062c                get_timer_masked
 .text.get_timer
                0x00000654       0x14 arch/arm/cpu/arm920t/s3c24x0/built-in.o
                0x00000654                get_timer
 .text.__udelay
                0x00000668       0x4c arch/arm/cpu/arm920t/s3c24x0/built-in.o
                0x00000668                __udelay
 .text.get_tbclk
                0x000006b4        0x8 arch/arm/cpu/arm920t/s3c24x0/built-in.o
                0x000006b4                get_tbclk
 .text.reset_cpu
                0x000006bc       0x28 arch/arm/cpu/arm920t/s3c24x0/built-in.o
                0x000006bc                reset_cpu
 .text.timer_init
                0x000006e4       0x88 arch/arm/cpu/arm920t/s3c24x0/built-in.o
                0x000006e4                timer_init
 .text          0x0000076c       0xe8 arch/arm/lib/built-in.o
                0x000007f0                relocate_code
                0x0000076c                _main
 .text.__coloured_LED_init
                0x00000854        0x4 arch/arm/lib/built-in.o
                0x00000854                coloured_LED_init
                0x00000854                __coloured_LED_init
 .text.__red_led_on
                0x00000858        0x4 arch/arm/lib/built-in.o
                0x00000858                __red_led_on
                0x00000858                red_led_on
 .text.__dram_init_banksize
                0x0000085c       0x1c arch/arm/lib/built-in.o
                0x0000085c                __dram_init_banksize
                0x0000085c                dram_init_banksize
 .text.__arch_cpu_init
                0x00000878        0x8 arch/arm/lib/built-in.o
                0x00000878                arch_cpu_init
                0x00000878                __arch_cpu_init
 .text.__power_init_board
                0x00000880        0x8 arch/arm/lib/built-in.o
                0x00000880                __power_init_board
                0x00000880                power_init_board
 .text.display_banner
                0x00000888       0x20 arch/arm/lib/built-in.o
 .text.init_baudrate
                0x000008a8       0x2c arch/arm/lib/built-in.o
 .text.mark_bootstage
                0x000008d4       0x14 arch/arm/lib/built-in.o
 .text.board_init_r
                0x000008e8       0xdc arch/arm/lib/built-in.o
                0x000008e8                board_init_r
 .text.board_init_f
                0x000009c4      0x120 arch/arm/lib/built-in.o
                0x000009c4                board_init_f
 .text.setup_board_tags
                0x00000ae4        0x4 arch/arm/lib/built-in.o
                0x00000ae4                setup_board_tags
 .text.boot_jump_vxworks
                0x00000ae8       0x18 arch/arm/lib/built-in.o
                0x00000ae8                boot_jump_vxworks
 .text.boot_prep_vxworks
                0x00000b00        0x4 arch/arm/lib/built-in.o
                0x00000b00                boot_prep_vxworks
 .text.boot_prep_linux
                0x00000b04      0x154 arch/arm/lib/built-in.o
 .text.boot_jump_linux
                0x00000c58       0xa0 arch/arm/lib/built-in.o
 .text.do_bootm_linux
                0x00000cf8       0x68 arch/arm/lib/built-in.o
                0x00000cf8                do_bootm_linux
 .text.arch_lmb_reserve
                0x00000d60       0x24 arch/arm/lib/built-in.o
                0x00000d60                arch_lmb_reserve
 .text.__arm_init_before_mmu
                0x00000d84        0x4 arch/arm/lib/built-in.o
                0x00000d84                arm_init_before_mmu
                0x00000d84                __arm_init_before_mmu
 .text.arm_init_domains
                0x00000d88        0x4 arch/arm/lib/built-in.o
                0x00000d88                arm_init_domains
 .text.cp_delay
                0x00000d8c       0x30 arch/arm/lib/built-in.o
 .text.set_section_dcache
                0x00000dbc       0x14 arch/arm/lib/built-in.o
                0x00000dbc                set_section_dcache
 .text.dram_bank_mmu_setup
                0x00000dd0       0x4c arch/arm/lib/built-in.o
                0x00000dd0                dram_bank_mmu_setup
 .text.cache_enable
                0x00000e1c       0x78 arch/arm/lib/built-in.o
 .text.icache_enable
                0x00000e94        0x8 arch/arm/lib/built-in.o
                0x00000e94                icache_enable
 .text.icache_status
                0x00000e9c       0x10 arch/arm/lib/built-in.o
                0x00000e9c                icache_status
 .text.dcache_enable
                0x00000eac        0x8 arch/arm/lib/built-in.o
                0x00000eac                dcache_enable
 .text.dcache_status
                0x00000eb4       0x10 arch/arm/lib/built-in.o
                0x00000eb4                dcache_status
 .text.cache_disable
                0x00000ec4       0x40 arch/arm/lib/built-in.o
 .text.dcache_disable
                0x00000f04        0x8 arch/arm/lib/built-in.o
                0x00000f04                dcache_disable
 .text.icache_disable
                0x00000f0c        0x8 arch/arm/lib/built-in.o
                0x00000f0c                icache_disable
 .text.__flush_cache
                0x00000f14        0x4 arch/arm/lib/built-in.o
                0x00000f14                flush_cache
                0x00000f14                __flush_cache
 .text.__flush_dcache_all
                0x00000f18        0xc arch/arm/lib/built-in.o
                0x00000f18                __flush_dcache_all
                0x00000f18                flush_dcache_all
 .text.interrupt_init
                0x00000f24       0x1c arch/arm/lib/built-in.o
                0x00000f24                interrupt_init
 .text.enable_interrupts
                0x00000f40        0x4 arch/arm/lib/built-in.o
                0x00000f40                enable_interrupts
 .text.disable_interrupts
                0x00000f44        0x8 arch/arm/lib/built-in.o
                0x00000f44                disable_interrupts
 .text.show_regs
                0x00000f4c      0x140 arch/arm/lib/built-in.o
                0x00000f4c                show_regs
 .text.bad_mode
                0x0000108c       0x10 arch/arm/lib/built-in.o
                0x0000108c                bad_mode
 .text.do_irq   0x0000109c       0x24 arch/arm/lib/built-in.o
                0x0000109c                do_irq
 .text.do_fiq   0x000010c0       0x24 arch/arm/lib/built-in.o
                0x000010c0                do_fiq
 .text.do_not_used
                0x000010e4       0x24 arch/arm/lib/built-in.o
                0x000010e4                do_not_used
 .text.do_data_abort
                0x00001108       0x24 arch/arm/lib/built-in.o
                0x00001108                do_data_abort
 .text.do_prefetch_abort
                0x0000112c       0x24 arch/arm/lib/built-in.o
                0x0000112c                do_prefetch_abort
 .text.do_software_interrupt
                0x00001150       0x24 arch/arm/lib/built-in.o
                0x00001150                do_software_interrupt
 .text.do_undefined_instruction
                0x00001174       0x24 arch/arm/lib/built-in.o
                0x00001174                do_undefined_instruction
 .text.do_reset
                0x00001198       0x30 arch/arm/lib/built-in.o
                0x00001198                do_reset
 .text          0x000011c8       0x64 board/samsung/smdk2440/built-in.o
                0x000011cc                lowlevel_init
 .text.board_early_init_f
                0x0000122c       0xf0 board/samsung/smdk2440/built-in.o
                0x0000122c                board_early_init_f
 .text.dram_init
                0x0000131c       0x10 board/samsung/smdk2440/built-in.o
                0x0000131c                dram_init
 .text.board_eth_init
                0x0000132c        0x8 board/samsung/smdk2440/built-in.o
                0x0000132c                board_eth_init
 .text.board_flash_get_legacy
                0x00001334       0x18 board/samsung/smdk2440/built-in.o
                0x00001334                board_flash_get_legacy
 .text.board_init
                0x0000134c       0x30 board/samsung/smdk2440/built-in.o
                0x0000134c                board_init
 .text.print_num
                0x0000137c       0x14 common/built-in.o
 .text.do_bdinfo
                0x00001390      0x188 common/built-in.o
                0x00001390                do_bdinfo
 .text.do_go_exec
                0x00001518       0x1c common/built-in.o
                0x00001518                do_go_exec
 .text.do_go    0x00001534       0x70 common/built-in.o
 .text.__arch_preboot_os
                0x000015a4        0x4 common/built-in.o
                0x000015a4                arch_preboot_os
 .text.do_imls  0x000015a8       0xb8 common/built-in.o
 .text.image_info
                0x00001660       0xe4 common/built-in.o
 .text.do_iminfo
                0x00001744       0x60 common/built-in.o
 .text.do_bootvx_fdt
                0x000017a4       0x3c common/built-in.o
                0x000017a4                do_bootvx_fdt
 .text.do_bootm_vxworks
                0x000017e0       0x20 common/built-in.o
 .text.do_bootm_rtems
                0x00001800       0x40 common/built-in.o
 .text.do_bootd
                0x00001840       0x24 common/built-in.o
                0x00001840                do_bootd
 .text.do_bootm_standalone
                0x00001864       0x80 common/built-in.o
 .text.copy_args
                0x000018e4       0x54 common/built-in.o
 .text.do_bootm_plan9
                0x00001938       0xa0 common/built-in.o
 .text.do_bootm_qnxelf
                0x000019d8       0x5c common/built-in.o
 .text.do_bootm_netbsd
                0x00001a34       0xfc common/built-in.o
 .text.do_bootm_states
                0x00001b30      0x8f4 common/built-in.o
 .text.do_bootm
                0x00002424       0xf8 common/built-in.o
                0x00002424                do_bootm
 .text.bootm_maybe_autostart
                0x0000251c       0x74 common/built-in.o
                0x0000251c                bootm_maybe_autostart
 .text.parse_argv
                0x00002590       0x58 common/built-in.o
 .text.do_dcache
                0x000025e8       0x8c common/built-in.o
                0x000025e8                do_dcache
 .text.invalidate_icache_all
                0x00002674        0xc common/built-in.o
                0x00002674                invalidate_icache_all
 .text.do_icache
                0x00002680       0x8c common/built-in.o
                0x00002680                do_icache
 .text.do_coninfo
                0x0000270c       0xe4 common/built-in.o
 .text.cnvrt2   0x000027f0       0x44 common/built-in.o
 .text.mk_date  0x00002834      0x1d0 common/built-in.o
                0x00002834                mk_date
 .text.do_date  0x00002a04      0x11c common/built-in.o
 .text.common_diskboot
                0x00002b20      0x25c common/built-in.o
                0x00002b20                common_diskboot
 .text.do_echo  0x00002d7c       0xa8 common/built-in.o
 .text.valid_elf_image
                0x00002e24       0x74 common/built-in.o
                0x00002e24                valid_elf_image
 .text.load_elf_image_shdr
                0x00002e98       0x98 common/built-in.o
 .text.do_bootvx
                0x00002f30      0x294 common/built-in.o
                0x00002f30                do_bootvx
 .text.do_bootelf_exec
                0x000031c4       0x40 common/built-in.o
                0x000031c4                do_bootelf_exec
 .text.do_bootelf
                0x00003204      0x154 common/built-in.o
                0x00003204                do_bootelf
 .text.do_exit  0x00003358       0x30 common/built-in.o
 .text.do_ext2load
                0x00003388       0x14 common/built-in.o
                0x00003388                do_ext2load
 .text.do_ext2ls
                0x0000339c       0x14 common/built-in.o
                0x0000339c                do_ext2ls
 .text.do_fat_fsinfo
                0x000033b0       0x94 common/built-in.o
 .text.do_fat_ls
                0x00003444       0x14 common/built-in.o
 .text.do_fat_fsload
                0x00003458       0x14 common/built-in.o
                0x00003458                do_fat_fsload
 .text.flash_sect_roundb
                0x0000346c       0xc8 common/built-in.o
                0x0000346c                flash_sect_roundb
 .text.flash_fill_sect_ranges
                0x00003534      0x1ac common/built-in.o
 .text.flash_sect_protect
                0x000036e0       0xf8 common/built-in.o
                0x000036e0                flash_sect_protect
 .text.addr_spec
                0x000037d8       0xc0 common/built-in.o
 .text.abbrev_spec
                0x00003898      0x150 common/built-in.o
 .text.do_protect
                0x000039e8      0x3a0 common/built-in.o
 .text.flash_sect_erase
                0x00003d88       0xe0 common/built-in.o
                0x00003d88                flash_sect_erase
 .text.do_flerase
                0x00003e68      0x260 common/built-in.o
 .text.do_flinfo
                0x000040c8       0x7c common/built-in.o
 .text.do_help  0x00004144       0x4c common/built-in.o
 .text.evalstr  0x00004190       0x1c common/built-in.o
 .text.evalexp  0x000041ac       0x6c common/built-in.o
 .text.binary_test
                0x00004218      0x1c0 common/built-in.o
 .text.do_itest
                0x000043d8       0x94 common/built-in.o
 .text.ktrans   0x0000446c       0x20 common/built-in.o
 .text.chk1     0x0000448c       0x30 common/built-in.o
 .text.bin_data_init
                0x000044bc       0x2c common/built-in.o
 .text.bin_data_char
                0x000044e8       0x28 common/built-in.o
 .text.k_data_save
                0x00004510       0x4c common/built-in.o
 .text.k_data_restore
                0x0000455c       0x4c common/built-in.o
 .text.load_serial_ymodem
                0x000045a8      0x124 common/built-in.o
 .text.getcxmodem
                0x000046cc       0x20 common/built-in.o
 .text.s1_sendpacket
                0x000046ec       0x54 common/built-in.o
 .text.do_load_serial_bin
                0x00004740      0x784 common/built-in.o
 .text.load_serial
                0x00004ec4      0x20c common/built-in.o
 .text.do_load_serial
                0x000050d0       0xdc common/built-in.o
 .text.do_mem_loop
                0x000051ac       0xf4 common/built-in.o
 .text.do_mem_mw
                0x000052a0       0xc0 common/built-in.o
 .text.do_mem_base
                0x00005360       0x44 common/built-in.o
 .text.do_mem_cmp
                0x000053a4      0x154 common/built-in.o
 .text.do_mem_crc
                0x000054f8       0x38 common/built-in.o
 .text.do_mem_cp
                0x00005530      0x128 common/built-in.o
 .text.mod_mem  0x00005658      0x17c common/built-in.o
 .text.do_mem_nm
                0x000057d4       0x20 common/built-in.o
 .text.do_mem_mm
                0x000057f4       0x20 common/built-in.o
 .text.do_mem_md
                0x00005814       0xe4 common/built-in.o
 .text.do_sleep
                0x000058f8       0x70 common/built-in.o
 .text.device_find
                0x00005968       0x50 common/built-in.o
                0x00005968                device_find
 .text.mtd_part_info
                0x000059b8       0x94 common/built-in.o
 .text.memsize_format
                0x00005a4c       0xa4 common/built-in.o
 .text.index_partitions
                0x00005af0       0xb8 common/built-in.o
 .text.current_save
                0x00005ba8       0xc4 common/built-in.o
 .text.part_sort_add
                0x00005c6c      0x164 common/built-in.o
 .text.part_delall
                0x00005dd0       0x4c common/built-in.o
 .text.device_delall
                0x00005e1c       0x68 common/built-in.o
 .text.mtd_devices_init
                0x00005e84       0x34 common/built-in.o
 .text.device_del
                0x00005eb8       0x80 common/built-in.o
 .text.memsize_parse
                0x00005f38       0x8c common/built-in.o
 .text.get_mtd_info
                0x00005fc4       0x80 common/built-in.o
 .text.part_validate
                0x00006044      0x39c common/built-in.o
 .text.device_parse
                0x000063e0      0x5a0 common/built-in.o
 .text.generate_mtdparts_save
                0x00006980      0x318 common/built-in.o
 .text.mtd_id_parse
                0x00006c98      0x10c common/built-in.o
                0x00006c98                mtd_id_parse
 .text.find_dev_and_part
                0x00006da4      0x1b4 common/built-in.o
                0x00006da4                find_dev_and_part
 .text.mtdparts_init
                0x00006f58      0x6b8 common/built-in.o
                0x00006f58                mtdparts_init
 .text.do_mtdparts
                0x00007610      0x5fc common/built-in.o
 .text.do_chpart
                0x00007c0c       0xd4 common/built-in.o
 .text.do_ping  0x00007ce0       0x74 common/built-in.o
 .text.netboot_common
                0x00007d54      0x2b0 common/built-in.o
 .text.do_nfs   0x00008004        0xc common/built-in.o
 .text.do_dhcp  0x00008010        0xc common/built-in.o
 .text.do_bootp
                0x0000801c        0xc common/built-in.o
 .text.do_tftpb
                0x00008028       0x40 common/built-in.o
                0x00008028                do_tftpb
 .text.get_env_id
                0x00008068       0x10 common/built-in.o
                0x00008068                get_env_id
 .text.do_env_delete
                0x00008078       0xac common/built-in.o
 .text._do_env_set
                0x00008124      0x1d8 common/built-in.o
 .text.do_env_set
                0x000082fc       0x20 common/built-in.o
 .text.setenv   0x0000831c       0x60 common/built-in.o
                0x0000831c                setenv
 .text.env_print
                0x0000837c       0xd0 common/built-in.o
 .text.do_env_print
                0x0000844c       0xdc common/built-in.o
 .text.setenv_hex
                0x00008528       0x38 common/built-in.o
                0x00008528                setenv_hex
 .text.do_env   0x00008560       0x5c common/built-in.o
 .text.do_env_import
                0x000085bc      0x244 common/built-in.o
 .text.do_env_export
                0x00008800      0x268 common/built-in.o
 .text.do_env_default
                0x00008a68       0xb0 common/built-in.o
 .text.do_env_save
                0x00008b18       0x2c common/built-in.o
 .text.envmatch
                0x00008b44       0x64 common/built-in.o
                0x00008b44                envmatch
 .text.getenv_f
                0x00008ba8       0xbc common/built-in.o
                0x00008ba8                getenv_f
 .text.getenv   0x00008c64       0x80 common/built-in.o
                0x00008c64                getenv
 .text.do_env_edit
                0x00008ce4       0x70 common/built-in.o
 .text.getenv_ulong
                0x00008d54       0x30 common/built-in.o
                0x00008d54                getenv_ulong
 .text.setenv_ulong
                0x00008d84       0x20 common/built-in.o
                0x00008d84                setenv_ulong
 .text.do_reginfo
                0x00008da4        0x8 common/built-in.o
 .text.source   0x00008dac      0x10c common/built-in.o
                0x00008dac                source
 .text.do_source
                0x00008eb8       0x44 common/built-in.o
                0x00008eb8                do_source
 .text.do_false
                0x00008efc        0x8 common/built-in.o
 .text.do_true  0x00008f04        0x8 common/built-in.o
 .text.do_test  0x00008f0c      0x47c common/built-in.o
 .text.ubi_find_volume
                0x00009388       0x68 common/built-in.o
 .text.ubi_part
                0x000093f0      0x270 common/built-in.o
                0x000093f0                ubi_part
 .text.ubi_volume_read
                0x00009660      0x1e8 common/built-in.o
                0x00009660                ubi_volume_read
 .text.ubi_volume_continue_write
                0x00009848       0xb8 common/built-in.o
                0x00009848                ubi_volume_continue_write
 .text.ubi_volume_begin_write
                0x00009900       0xa0 common/built-in.o
                0x00009900                ubi_volume_begin_write
 .text.ubi_volume_write
                0x000099a0        0x8 common/built-in.o
                0x000099a0                ubi_volume_write
 .text.do_ubi   0x000099a8      0x9a4 common/built-in.o
 .text.ubifs_is_mounted
                0x0000a34c       0x10 common/built-in.o
                0x0000a34c                ubifs_is_mounted
 .text.do_ubifs_load
                0x0000a35c       0xc8 common/built-in.o
                0x0000a35c                do_ubifs_load
 .text.do_ubifs_ls
                0x0000a424       0x64 common/built-in.o
                0x0000a424                do_ubifs_ls
 .text.cmd_ubifs_umount
                0x0000a488       0x60 common/built-in.o
                0x0000a488                cmd_ubifs_umount
 .text.do_ubifs_umount
                0x0000a4e8       0x40 common/built-in.o
                0x0000a4e8                do_ubifs_umount
 .text.do_ubifs_mount
                0x0000a528       0x60 common/built-in.o
                0x0000a528                do_ubifs_mount
 .text.usb_get_class_desc
                0x0000a588       0xa8 common/built-in.o
 .text.do_usbboot
                0x0000a630        0xc common/built-in.o
 .text.usb_display_class_sub
                0x0000a63c      0x174 common/built-in.o
 .text.usb_find_device
                0x0000a7b0       0x3c common/built-in.o
 .text.usb_show_tree_graph
                0x0000a7ec      0x238 common/built-in.o
 .text.usb_display_desc
                0x0000aa24      0x130 common/built-in.o
 .text.usb_display_string
                0x0000ab54       0x40 common/built-in.o
 .text.usb_display_config
                0x0000ab94      0x23c common/built-in.o
 .text.do_usb   0x0000add0      0x7a4 common/built-in.o
 .text.do_version
                0x0000b574       0x38 common/built-in.o
 .text.do_imgextract
                0x0000b5ac      0x314 common/built-in.o
 .text.cmd_get_data_size
                0x0000b8c0       0x78 common/built-in.o
                0x0000b8c0                cmd_get_data_size
 .text.cmd_usage
                0x0000b938       0x5c common/built-in.o
                0x0000b938                cmd_usage
 .text.find_cmd_tbl
                0x0000b994       0xa0 common/built-in.o
                0x0000b994                find_cmd_tbl
 .text.find_cmd
                0x0000ba34       0x28 common/built-in.o
                0x0000ba34                find_cmd
 .text.cmd_process
                0x0000ba5c       0xf0 common/built-in.o
                0x0000ba5c                cmd_process
 .text._do_help
                0x0000bb4c      0x17c common/built-in.o
                0x0000bb4c                _do_help
 .text.console_setfile
                0x0000bcc8       0xac common/built-in.o
 .text.fgetc    0x0000bd74       0x28 common/built-in.o
                0x0000bd74                fgetc
 .text.ftstc    0x0000bd9c       0x28 common/built-in.o
                0x0000bd9c                ftstc
 .text.fputc    0x0000bdc4       0x28 common/built-in.o
                0x0000bdc4                fputc
 .text.fputs    0x0000bdec       0x28 common/built-in.o
                0x0000bdec                fputs
 .text.had_ctrlc
                0x0000be14       0x10 common/built-in.o
                0x0000be14                had_ctrlc
 .text.clear_ctrlc
                0x0000be24       0x14 common/built-in.o
                0x0000be24                clear_ctrlc
 .text.console_init_f
                0x0000be38       0x10 common/built-in.o
                0x0000be38                console_init_f
 .text.search_device
                0x0000be48       0x28 common/built-in.o
                0x0000be48                search_device
 .text.console_assign
                0x0000be70       0x40 common/built-in.o
                0x0000be70                console_assign
 .text.puts     0x0000beb0       0x28 common/built-in.o
                0x0000beb0                puts
 .text.vprintf  0x0000bed8       0x48 common/built-in.o
                0x0000bed8                vprintf
 .text.printf   0x0000bf20       0x5c common/built-in.o
                0x0000bf20                printf
 .text.on_console
                0x0000bf7c       0xb8 common/built-in.o
 .text.stdio_print_current_devices
                0x0000c034       0xb8 common/built-in.o
                0x0000c034                stdio_print_current_devices
 .text.console_init_r
                0x0000c0ec       0xe4 common/built-in.o
                0x0000c0ec                console_init_r
 .text.putc     0x0000c1d0       0x28 common/built-in.o
                0x0000c1d0                putc
 .text.tstc     0x0000c1f8       0x24 common/built-in.o
                0x0000c1f8                tstc
 .text.getc     0x0000c21c       0x24 common/built-in.o
                0x0000c21c                getc
 .text.ctrlc    0x0000c240       0x5c common/built-in.o
                0x0000c240                ctrlc
 .text.mem_malloc_init
                0x0000c29c       0x40 common/built-in.o
                0x0000c29c                mem_malloc_init
 .text.sbrk     0x0000c2dc       0x68 common/built-in.o
                0x0000c2dc                sbrk
 .text.malloc_trim
                0x0000c344       0xd4 common/built-in.o
                0x0000c344                malloc_trim
 .text.free     0x0000c418      0x23c common/built-in.o
                0x0000c418                free
 .text.malloc   0x0000c654      0x644 common/built-in.o
                0x0000c654                malloc
 .text.memalign
                0x0000cc98      0x110 common/built-in.o
                0x0000cc98                memalign
 .text.calloc   0x0000cda8       0xe0 common/built-in.o
                0x0000cda8                calloc
 .text.realloc  0x0000ce88      0x480 common/built-in.o
                0x0000ce88                realloc
 .text.reverse_strstr
                0x0000d308       0x60 common/built-in.o
 .text.env_attr_lookup
                0x0000d368      0x130 common/built-in.o
                0x0000d368                env_attr_lookup
 .text.env_attr_walk
                0x0000d498      0x118 common/built-in.o
                0x0000d498                env_attr_walk
 .text.clear_callback
                0x0000d5b0       0x10 common/built-in.o
 .text.on_callbacks
                0x0000d5c0       0x48 common/built-in.o
 .text.find_env_callback
                0x0000d608       0x60 common/built-in.o
 .text.set_callback
                0x0000d668       0x94 common/built-in.o
 .text.env_callback_init
                0x0000d6fc       0xc8 common/built-in.o
                0x0000d6fc                env_callback_init
 .text.__env_get_char_spec
                0x0000d7c4        0xc common/built-in.o
                0x0000d7c4                env_get_char_spec
 .text.env_get_addr
                0x0000d7d0       0x20 common/built-in.o
                0x0000d7d0                env_get_addr
 .text.env_get_char_memory
                0x0000d7f0       0x10 common/built-in.o
                0x0000d7f0                env_get_char_memory
 .text.env_get_char
                0x0000d800       0x30 common/built-in.o
                0x0000d800                env_get_char
 .text.set_default_vars
                0x0000d830       0x34 common/built-in.o
                0x0000d830                set_default_vars
 .text.set_default_env
                0x0000d864       0xc0 common/built-in.o
                0x0000d864                set_default_env
 .text.env_relocate
                0x0000d924       0x30 common/built-in.o
                0x0000d924                env_relocate
 .text.env_import
                0x0000d954       0xe0 common/built-in.o
                0x0000d954                env_import
 .text.getenv_default
                0x0000da34       0x30 common/built-in.o
                0x0000da34                getenv_default
 .text.getenv_yesno
                0x0000da64       0x4c common/built-in.o
                0x0000da64                getenv_yesno
 .text.skip_num
                0x0000dab0       0x80 common/built-in.o
 .text.clear_flags
                0x0000db30       0x10 common/built-in.o
 .text.on_flags
                0x0000db40       0x48 common/built-in.o
 .text.env_flags_validate
                0x0000db88      0x318 common/built-in.o
                0x0000db88                env_flags_validate
 .text.env_flags_parse_varaccess
                0x0000dea0       0x50 common/built-in.o
                0x0000dea0                env_flags_parse_varaccess
 .text.env_flags_parse_vartype
                0x0000def0       0x4c common/built-in.o
                0x0000def0                env_flags_parse_vartype
 .text.env_parse_flags_to_bin
                0x0000df3c       0x2c common/built-in.o
 .text.set_flags
                0x0000df68       0x90 common/built-in.o
 .text.env_flags_init
                0x0000dff8       0xbc common/built-in.o
                0x0000dff8                env_flags_init
 .text.env_relocate_spec
                0x0000e0b4        0xc common/built-in.o
                0x0000e0b4                env_relocate_spec
 .text.env_init
                0x0000e0c0       0x64 common/built-in.o
                0x0000e0c0                env_init
 .text.saveenv  0x0000e124      0x148 common/built-in.o
                0x0000e124                saveenv
 .text.dummy    0x0000e26c        0x4 common/built-in.o
 .text.get_version
                0x0000e270        0x8 common/built-in.o
                0x0000e270                get_version
 .text.jumptable_init
                0x0000e278      0x21c common/built-in.o
                0x0000e278                jumptable_init
 .text.flash_protect
                0x0000e494       0xfc common/built-in.o
                0x0000e494                flash_protect
 .text.addr2info
                0x0000e590       0x48 common/built-in.o
                0x0000e590                addr2info
 .text.flash_perror
                0x0000e5d8       0xf4 common/built-in.o
                0x0000e5d8                flash_perror
 .text.flash_write
                0x0000e6cc      0x164 common/built-in.o
                0x0000e6cc                flash_write
 .text.hash_command
                0x0000e830       0xa0 common/built-in.o
                0x0000e830                hash_command
 .text.b_reset  0x0000e8d0       0x1c common/built-in.o
 .text.static_get
                0x0000e8ec       0x1c common/built-in.o
 .text.static_peek
                0x0000e908        0xc common/built-in.o
 .text.file_peek
                0x0000e914        0xc common/built-in.o
 .text.setup_string_in_str
                0x0000e920       0x2c common/built-in.o
 .text.is_assignment
                0x0000e94c       0x5c common/built-in.o
 .text.mapset   0x0000e9a8       0x28 common/built-in.o
 .text.syntax_err
                0x0000e9d0        0xc common/built-in.o
 .text.do_showvar
                0x0000e9dc       0xe8 common/built-in.o
 .text.u_boot_hush_start
                0x0000eac4       0x50 common/built-in.o
                0x0000eac4                u_boot_hush_start
 .text.xmalloc  0x0000eb14       0x20 common/built-in.o
 .text.new_pipe
                0x0000eb34       0x28 common/built-in.o
 .text.file_get
                0x0000eb5c      0x208 common/built-in.o
 .text.free_pipe_list
                0x0000ed64       0xe4 common/built-in.o
 .text.b_free   0x0000ee48       0x24 common/built-in.o
 .text.xrealloc
                0x0000ee6c       0x20 common/built-in.o
 .text.done_command
                0x0000ee8c       0x88 common/built-in.o
 .text.initialize_context
                0x0000ef14       0x38 common/built-in.o
 .text.done_pipe
                0x0000ef4c       0x48 common/built-in.o
 .text.b_addchr
                0x0000ef94       0x78 common/built-in.o
 .text.done_word
                0x0000f00c      0x28c common/built-in.o
 .text.b_addqchr
                0x0000f298       0x4c common/built-in.o
 .text.get_local_var
                0x0000f2e4       0x98 common/built-in.o
                0x0000f2e4                get_local_var
 .text.set_local_var
                0x0000f37c      0x1b0 common/built-in.o
                0x0000f37c                set_local_var
 .text.insert_var_value_sub
                0x0000f52c      0x2ac common/built-in.o
 .text.insert_var_value
                0x0000f7d8        0x8 common/built-in.o
 .text.run_list_real
                0x0000f7e0      0x770 common/built-in.o
 .text.parse_stream_outer
                0x0000ff50      0x6b8 common/built-in.o
 .text.parse_file_outer
                0x00010608       0x44 common/built-in.o
                0x00010608                parse_file_outer
 .text.parse_string_outer
                0x0001064c       0xc8 common/built-in.o
                0x0001064c                parse_string_outer
 .text.image_multi_count
                0x00010714       0x24 common/built-in.o
                0x00010714                image_multi_count
 .text.get_table_entry_name
                0x00010738       0x28 common/built-in.o
                0x00010738                get_table_entry_name
 .text.genimg_get_os_name
                0x00010760       0x18 common/built-in.o
                0x00010760                genimg_get_os_name
 .text.genimg_get_arch_name
                0x00010778       0x18 common/built-in.o
                0x00010778                genimg_get_arch_name
 .text.genimg_get_type_name
                0x00010790       0x18 common/built-in.o
                0x00010790                genimg_get_type_name
 .text.genimg_get_comp_name
                0x000107a8       0x18 common/built-in.o
                0x000107a8                genimg_get_comp_name
 .text.genimg_get_image
                0x000107c0        0x4 common/built-in.o
                0x000107c0                genimg_get_image
 .text.on_loadaddr
                0x000107c4       0x38 common/built-in.o
 .text.getenv_bootm_low
                0x000107fc       0x30 common/built-in.o
                0x000107fc                getenv_bootm_low
 .text.genimg_get_format
                0x0001082c       0x34 common/built-in.o
                0x0001082c                genimg_get_format
 .text.image_multi_getimg
                0x00010860       0xac common/built-in.o
                0x00010860                image_multi_getimg
 .text.genimg_print_time
                0x0001090c       0x48 common/built-in.o
                0x0001090c                genimg_print_time
 .text.genimg_print_size
                0x00010954       0x30 common/built-in.o
                0x00010954                genimg_print_size
 .text.image_print_contents
                0x00010984      0x1d8 common/built-in.o
                0x00010984                image_print_contents
 .text.memmove_wd
                0x00010b5c        0xc common/built-in.o
                0x00010b5c                memmove_wd
 .text.boot_ramdisk_high
                0x00010b68      0x12c common/built-in.o
                0x00010b68                boot_ramdisk_high
 .text.getenv_bootm_size
                0x00010c94       0x58 common/built-in.o
                0x00010c94                getenv_bootm_size
 .text.image_check_dcrc
                0x00010cec       0x60 common/built-in.o
                0x00010cec                image_check_dcrc
 .text.image_check_hcrc
                0x00010d4c       0x68 common/built-in.o
                0x00010d4c                image_check_hcrc
 .text.boot_get_ramdisk
                0x00010db4      0x26c common/built-in.o
                0x00010db4                boot_get_ramdisk
 .text.__show_boot_progress
                0x00011020        0x4 common/built-in.o
                0x00011020                __show_boot_progress
                0x00011020                show_boot_progress
 .text.run_command_list
                0x00011024       0x5c common/built-in.o
                0x00011024                run_command_list
 .text.run_command
                0x00011080        0x8 common/built-in.o
                0x00011080                run_command
 .text.do_run   0x00011088       0x70 common/built-in.o
                0x00011088                do_run
 .text.delete_char
                0x000110f8       0xdc common/built-in.o
 .text.reset_cmd_timeout
                0x000111d4       0x44 common/built-in.o
                0x000111d4                reset_cmd_timeout
 .text.cread_add_char
                0x00011218       0xec common/built-in.o
 .text.cread_add_str
                0x00011304       0x50 common/built-in.o
 .text.readline_into_buffer
                0x00011354      0x96c common/built-in.o
                0x00011354                readline_into_buffer
 .text.readline
                0x00011cc0       0x1c common/built-in.o
                0x00011cc0                readline
 .text.init_cmd_timeout
                0x00011cdc       0x3c common/built-in.o
                0x00011cdc                init_cmd_timeout
 .text.main_loop
                0x00011d18      0x134 common/built-in.o
                0x00011d18                main_loop
 .text.hex1_bin
                0x00011e4c       0x38 common/built-in.o
 .text.hex2_bin
                0x00011e84       0x34 common/built-in.o
 .text.srec_decode
                0x00011eb8      0x270 common/built-in.o
                0x00011eb8                srec_decode
 .text.stdio_get_list
                0x00012128        0xc common/built-in.o
                0x00012128                stdio_get_list
 .text.stdio_clone
                0x00012134       0x34 common/built-in.o
                0x00012134                stdio_clone
 .text.stdio_register
                0x00012168       0x40 common/built-in.o
                0x00012168                stdio_register
 .text.stdio_init
                0x000121a8       0x90 common/built-in.o
                0x000121a8                stdio_init
 .text.stdio_get_by_name
                0x00012238       0x54 common/built-in.o
                0x00012238                stdio_get_by_name
 .text.usb_disable_asynch
                0x0001228c       0x20 common/built-in.o
                0x0001228c                usb_disable_asynch
 .text.usb_maxpacket
                0x000122ac       0x24 common/built-in.o
                0x000122ac                usb_maxpacket
 .text.usb_set_maxpacket_ep
                0x000122d0       0x74 common/built-in.o
 .text.usb_get_dev_index
                0x00012344       0x24 common/built-in.o
                0x00012344                usb_get_dev_index
 .text.usb_alloc_device
                0x00012368        0x8 common/built-in.o
                0x00012368                usb_alloc_device
 .text.usb_alloc_new_device
                0x00012370       0xa4 common/built-in.o
                0x00012370                usb_alloc_new_device
 .text.usb_free_device
                0x00012414       0x48 common/built-in.o
                0x00012414                usb_free_device
 .text.usb_bulk_msg
                0x0001245c       0x6c common/built-in.o
                0x0001245c                usb_bulk_msg
 .text.usb_control_msg
                0x000124c8      0x100 common/built-in.o
                0x000124c8                usb_control_msg
 .text.usb_get_descriptor
                0x000125c8       0x64 common/built-in.o
 .text.usb_get_configuration_no
                0x0001262c       0xc0 common/built-in.o
                0x0001262c                usb_get_configuration_no
 .text.usb_get_string
                0x000126ec       0x84 common/built-in.o
 .text.usb_string_sub
                0x00012770      0x104 common/built-in.o
 .text.usb_string
                0x00012874       0xfc common/built-in.o
                0x00012874                usb_string
 .text.usb_new_device
                0x00012970      0x618 common/built-in.o
                0x00012970                usb_new_device
 .text.usb_set_idle
                0x00012f88       0x5c common/built-in.o
                0x00012f88                usb_set_idle
 .text.usb_set_protocol
                0x00012fe4       0x58 common/built-in.o
                0x00012fe4                usb_set_protocol
 .text.usb_set_interface
                0x0001303c       0xc4 common/built-in.o
                0x0001303c                usb_set_interface
 .text.usb_clear_halt
                0x00013100       0xac common/built-in.o
                0x00013100                usb_clear_halt
 .text.usb_submit_int_msg
                0x000131ac        0x4 common/built-in.o
                0x000131ac                usb_submit_int_msg
 .text.usb_stop
                0x000131b0       0x58 common/built-in.o
                0x000131b0                usb_stop
 .text.usb_init
                0x00013208      0x120 common/built-in.o
                0x00013208                usb_init
 .text.usb_hub_reset_devices
                0x00013328        0x4 common/built-in.o
                0x00013328                usb_hub_reset_devices
 .text.usb_hub_reset
                0x0001332c       0x14 common/built-in.o
                0x0001332c                usb_hub_reset
 .text.usb_get_hub_descriptor
                0x00013340       0x54 common/built-in.o
 .text.usb_get_port_status
                0x00013394       0x58 common/built-in.o
 .text.usb_set_port_feature
                0x000133ec       0x58 common/built-in.o
 .text.usb_clear_port_feature
                0x00013444       0x58 common/built-in.o
 .text.usb_hub_power_on
                0x0001349c       0xb4 common/built-in.o
 .text.hub_port_reset
                0x00013550       0xbc common/built-in.o
                0x00013550                hub_port_reset
 .text.usb_hub_port_connect_change
                0x0001360c      0x138 common/built-in.o
                0x0001360c                usb_hub_port_connect_change
 .text.usb_hub_configure
                0x00013744      0x300 common/built-in.o
 .text.usb_hub_probe
                0x00013a44       0x60 common/built-in.o
                0x00013a44                usb_hub_probe
 .text.usb_kbd_translate
                0x00013aa4      0x164 common/built-in.o
 .text.usb_kbd_deregister
                0x00013c08        0x8 common/built-in.o
                0x00013c08                usb_kbd_deregister
 .text.usb_kbd_getc
                0x00013c10       0x4c common/built-in.o
 .text.drv_usb_kbd_init
                0x00013c5c      0x240 common/built-in.o
                0x00013c5c                drv_usb_kbd_init
 .text.usb_kbd_service_key
                0x00013e9c       0x70 common/built-in.o
 .text.usb_kbd_irq
                0x00013f0c      0x13c common/built-in.o
 .text.usb_kbd_testc
                0x00014048       0x6c common/built-in.o
 .text.usb_stor_get_dev
                0x000140b4       0x2c common/built-in.o
                0x000140b4                usb_stor_get_dev
 .text.usb_stor_irq
                0x000140e0       0x1c common/built-in.o
 .text.usb_request_sense
                0x000140fc       0x68 common/built-in.o
 .text.usb_stor_get_info
                0x00014164      0x380 common/built-in.o
                0x00014164                usb_stor_get_info
 .text.usb_storage_probe
                0x000144e4      0x228 common/built-in.o
                0x000144e4                usb_storage_probe
 .text.usb_stor_BBB_clear_endpt_stall
                0x0001470c       0x48 common/built-in.o
 .text.usb_stor_BBB_reset
                0x00014754       0xd0 common/built-in.o
 .text.usb_stor_CB_reset
                0x00014824       0xd4 common/built-in.o
 .text.usb_stor_BBB_transport
                0x000148f8      0x298 common/built-in.o
 .text.usb_stor_CB_comdat
                0x00014b90      0x20c common/built-in.o
 .text.usb_stor_CBI_get_status
                0x00014d9c       0xd0 common/built-in.o
 .text.usb_stor_CB_transport
                0x00014e6c      0x1f4 common/built-in.o
 .text.usb_stor_write
                0x00015060      0x1cc common/built-in.o
                0x00015060                usb_stor_write
 .text.usb_stor_read
                0x0001522c      0x1cc common/built-in.o
                0x0001522c                usb_stor_read
 .text.usb_stor_scan
                0x000153f8      0x1e8 common/built-in.o
                0x000153f8                usb_stor_scan
 .text.usb_stor_info
                0x000155e0       0x74 common/built-in.o
                0x000155e0                usb_stor_info
 .text.xyzModem_error
                0x00015654       0x9c common/built-in.o
                0x00015654                xyzModem_error
 .text.CYGACC_COMM_IF_PUTC
                0x000156f0        0x8 common/built-in.o
 .text.CYGACC_COMM_IF_GETC_TIMEOUT
                0x000156f8       0x54 common/built-in.o
 .text.xyzModem_flush
                0x0001574c       0x28 common/built-in.o
 .text.xyzModem_stream_terminate
                0x00015774       0xd8 common/built-in.o
                0x00015774                xyzModem_stream_terminate
 .text.xyzModem_stream_close
                0x0001584c       0x4c common/built-in.o
                0x0001584c                xyzModem_stream_close
 .text.xyzModem_get_hdr
                0x00015898      0x284 common/built-in.o
 .text.xyzModem_stream_read
                0x00015b1c      0x284 common/built-in.o
                0x00015b1c                xyzModem_stream_read
 .text.xyzModem_stream_open
                0x00015da0      0x26c common/built-in.o
                0x00015da0                xyzModem_stream_open
 .text.get_dev  0x0001600c       0x64 disk/built-in.o
                0x0001600c                get_dev
 .text.get_device
                0x00016070       0x88 disk/built-in.o
                0x00016070                get_device
 .text.get_partition_info
                0x000160f8       0x24 disk/built-in.o
                0x000160f8                get_partition_info
 .text.get_device_and_partition
                0x0001611c      0x44c disk/built-in.o
                0x0001611c                get_device_and_partition
 .text.print_part
                0x00016568       0xf8 disk/built-in.o
                0x00016568                print_part
 .text.dev_print
                0x00016660      0x21c disk/built-in.o
                0x00016660                dev_print
 .text.init_part
                0x0001687c       0x20 disk/built-in.o
                0x0001687c                init_part
 .text.get_partition_info_extended
                0x0001689c      0x2c4 disk/built-in.o
 .text.get_partition_info_dos
                0x00016b60       0x28 disk/built-in.o
                0x00016b60                get_partition_info_dos
 .text.test_block_type
                0x00016b88       0x80 disk/built-in.o
 .text.print_partition_extended
                0x00016c08      0x264 disk/built-in.o
 .text.print_part_dos
                0x00016e6c       0x34 disk/built-in.o
                0x00016e6c                print_part_dos
 .text.test_part_dos
                0x00016ea0       0x64 disk/built-in.o
                0x00016ea0                test_part_dos
 .text.GregorianDay
                0x00016f04       0xf4 drivers/built-in.o
                0x00016f04                GregorianDay
 .text.to_tm    0x00016ff8      0x110 drivers/built-in.o
                0x00016ff8                to_tm
 .text.rtc_get  0x00017108      0x208 drivers/built-in.o
                0x00017108                rtc_get
 .text.rtc_set  0x00017310      0x1a8 drivers/built-in.o
                0x00017310                rtc_set
 .text.rtc_reset
                0x000174b8       0x28 drivers/built-in.o
                0x000174b8                rtc_reset
 .text.__cfi_flash_bank_addr
                0x000174e0       0x20 drivers/mtd/built-in.o
                0x000174e0                cfi_flash_bank_addr
 .text.__cfi_flash_bank_size
                0x00017500        0x8 drivers/mtd/built-in.o
                0x00017500                cfi_flash_bank_size
 .text.__flash_write8
                0x00017508        0x8 drivers/mtd/built-in.o
 .text.__flash_write16
                0x00017510        0x8 drivers/mtd/built-in.o
 .text.__flash_write32
                0x00017518        0x8 drivers/mtd/built-in.o
 .text.__flash_write64
                0x00017520        0x8 drivers/mtd/built-in.o
 .text.flash_get_info
                0x00017528       0x3c drivers/mtd/built-in.o
                0x00017528                flash_get_info
 .text.flash_make_cmd
                0x00017564       0x58 drivers/mtd/built-in.o
 .text.flash_isset
                0x000175bc       0xc4 drivers/mtd/built-in.o
 .text.flash_add_byte
                0x00017680       0xa0 drivers/mtd/built-in.o
 .text.find_sector
                0x00017720       0x9c drivers/mtd/built-in.o
 .text.cfi_reverse_geometry
                0x000177bc       0xf0 drivers/mtd/built-in.o
 .text.flash_protect_default
                0x000178ac       0x54 drivers/mtd/built-in.o
                0x000178ac                flash_protect_default
 .text.print_longlong
                0x00017900       0x3c drivers/mtd/built-in.o
 .text.flash_isequal
                0x0001793c       0xd4 drivers/mtd/built-in.o
 .text.flash_write_cmd
                0x00017a10       0xb4 drivers/mtd/built-in.o
                0x00017a10                flash_write_cmd
 .text.cmdset_intel_read_jedec_ids
                0x00017ac4       0x7c drivers/mtd/built-in.o
 .text.flash_unlock_seq
                0x00017b40       0x30 drivers/mtd/built-in.o
 .text.cmdset_amd_read_jedec_ids
                0x00017b70      0x124 drivers/mtd/built-in.o
 .text.flash_get_size
                0x00017c94      0x79c drivers/mtd/built-in.o
                0x00017c94                flash_get_size
 .text.flash_init
                0x00018430      0x1ec drivers/mtd/built-in.o
                0x00018430                flash_init
 .text.__flash_cmd_reset
                0x0001861c       0x38 drivers/mtd/built-in.o
                0x0001861c                flash_cmd_reset
 .text.flash_print_info
                0x00018654      0x24c drivers/mtd/built-in.o
                0x00018654                flash_print_info
 .text.flash_full_status_check
                0x000188a0      0x2f0 drivers/mtd/built-in.o
 .text.flash_write_cfiword
                0x00018b90      0x254 drivers/mtd/built-in.o
 .text.write_buff
                0x00018de4      0x2c0 drivers/mtd/built-in.o
                0x00018de4                write_buff
 .text.flash_erase
                0x000190a4      0x21c drivers/mtd/built-in.o
                0x000190a4                flash_erase
 .text.jedec_flash_match
                0x000192c0      0x1bc drivers/mtd/built-in.o
                0x000192c0                jedec_flash_match
 .text.get_mtd_device
                0x0001947c       0x70 drivers/mtd/built-in.o
                0x0001947c                get_mtd_device
 .text.mtd_erase
                0x000194ec       0xd4 drivers/mtd/built-in.o
                0x000194ec                mtd_erase
 .text.mtd_read
                0x000195c0       0xc0 drivers/mtd/built-in.o
                0x000195c0                mtd_read
 .text.mtd_write
                0x00019680       0xc4 drivers/mtd/built-in.o
                0x00019680                mtd_write
 .text.mtd_read_oob
                0x00019744       0x30 drivers/mtd/built-in.o
                0x00019744                mtd_read_oob
 .text.mtd_get_fact_prot_info
                0x00019774       0x2c drivers/mtd/built-in.o
                0x00019774                mtd_get_fact_prot_info
 .text.mtd_read_fact_prot_reg
                0x000197a0       0x4c drivers/mtd/built-in.o
                0x000197a0                mtd_read_fact_prot_reg
 .text.mtd_get_user_prot_info
                0x000197ec       0x2c drivers/mtd/built-in.o
                0x000197ec                mtd_get_user_prot_info
 .text.mtd_read_user_prot_reg
                0x00019818       0x4c drivers/mtd/built-in.o
                0x00019818                mtd_read_user_prot_reg
 .text.mtd_write_user_prot_reg
                0x00019864       0x4c drivers/mtd/built-in.o
                0x00019864                mtd_write_user_prot_reg
 .text.mtd_lock_user_prot_reg
                0x000198b0       0x30 drivers/mtd/built-in.o
                0x000198b0                mtd_lock_user_prot_reg
 .text.mtd_lock
                0x000198e0       0xb4 drivers/mtd/built-in.o
                0x000198e0                mtd_lock
 .text.mtd_unlock
                0x00019994       0xb4 drivers/mtd/built-in.o
                0x00019994                mtd_unlock
 .text.mtd_block_isbad
                0x00019a48       0x54 drivers/mtd/built-in.o
                0x00019a48                mtd_block_isbad
 .text.mtd_block_markbad
                0x00019a9c       0x64 drivers/mtd/built-in.o
                0x00019a9c                mtd_block_markbad
 .text.put_mtd_device
                0x00019b00       0x2c drivers/mtd/built-in.o
                0x00019b00                put_mtd_device
 .text.del_mtd_device
                0x00019b2c       0x50 drivers/mtd/built-in.o
                0x00019b2c                del_mtd_device
 .text.add_mtd_device
                0x00019b7c       0x78 drivers/mtd/built-in.o
                0x00019b7c                add_mtd_device
 .text.get_mtd_device_nm
                0x00019bf4       0x64 drivers/mtd/built-in.o
                0x00019bf4                get_mtd_device_nm
 .text.part_write_oob
                0x00019c58       0xb4 drivers/mtd/built-in.o
 .text.part_sync
                0x00019d0c       0x20 drivers/mtd/built-in.o
 .text.part_block_isbad
                0x00019d2c       0x20 drivers/mtd/built-in.o
 .text.part_erase
                0x00019d4c       0x90 drivers/mtd/built-in.o
 .text.part_block_markbad
                0x00019ddc       0x34 drivers/mtd/built-in.o
 .text.part_unlock
                0x00019e10       0x20 drivers/mtd/built-in.o
 .text.part_lock
                0x00019e30       0x20 drivers/mtd/built-in.o
 .text.part_get_fact_prot_info
                0x00019e50        0x8 drivers/mtd/built-in.o
 .text.part_get_user_prot_info
                0x00019e58        0x8 drivers/mtd/built-in.o
 .text.part_lock_user_prot_reg
                0x00019e60        0x8 drivers/mtd/built-in.o
 .text.part_write_user_prot_reg
                0x00019e68        0x8 drivers/mtd/built-in.o
 .text.part_read_fact_prot_reg
                0x00019e70        0x8 drivers/mtd/built-in.o
 .text.part_read_user_prot_reg
                0x00019e78        0x8 drivers/mtd/built-in.o
 .text.part_read_oob
                0x00019e80       0xb4 drivers/mtd/built-in.o
 .text.part_write
                0x00019f34       0x20 drivers/mtd/built-in.o
 .text.part_read
                0x00019f54       0x9c drivers/mtd/built-in.o
 .text.del_mtd_partitions
                0x00019ff0       0x80 drivers/mtd/built-in.o
                0x00019ff0                del_mtd_partitions
 .text.add_mtd_partitions
                0x0001a070      0x6e0 drivers/mtd/built-in.o
                0x0001a070                add_mtd_partitions
 .text.ubi_get_device
                0x0001a750       0x20 drivers/mtd/ubi/built-in.o
                0x0001a750                ubi_get_device
 .text.ubi_put_device
                0x0001a770       0x10 drivers/mtd/ubi/built-in.o
                0x0001a770                ubi_put_device
 .text.ubi_mtd_param_parse
                0x0001a780      0x1b4 drivers/mtd/ubi/built-in.o
                0x0001a780                ubi_mtd_param_parse
 .text.kill_volumes
                0x0001a934       0x3c drivers/mtd/ubi/built-in.o
 .text.uif_close
                0x0001a970        0x4 drivers/mtd/ubi/built-in.o
 .text.ubi_detach_mtd_dev
                0x0001a974       0xc8 drivers/mtd/ubi/built-in.o
                0x0001a974                ubi_detach_mtd_dev
 .text.ubi_exit
                0x0001aa3c       0x44 drivers/mtd/ubi/built-in.o
                0x0001aa3c                ubi_exit
 .text.ubi_attach_mtd_dev
                0x0001aa80      0x748 drivers/mtd/ubi/built-in.o
                0x0001aa80                ubi_attach_mtd_dev
 .text.ubi_init
                0x0001b1c8      0x168 drivers/mtd/ubi/built-in.o
                0x0001b1c8                ubi_init
 .text.crc32_le
                0x0001b330       0xf8 drivers/mtd/ubi/built-in.o
                0x0001b330                crc32_le
 .text.next_sqnum
                0x0001b428       0x30 drivers/mtd/ubi/built-in.o
 .text.ubi_get_compat
                0x0001b458       0x18 drivers/mtd/ubi/built-in.o
 .text.ltree_lookup
                0x0001b470       0x48 drivers/mtd/ubi/built-in.o
 .text.ubi_eba_close
                0x0001b4b8       0x38 drivers/mtd/ubi/built-in.o
                0x0001b4b8                ubi_eba_close
 .text.ubi_eba_init_scan
                0x0001b4f0      0x24c drivers/mtd/ubi/built-in.o
                0x0001b4f0                ubi_eba_init_scan
 .text.leb_write_unlock
                0x0001b73c       0x38 drivers/mtd/ubi/built-in.o
 .text.leb_read_unlock
                0x0001b774       0x38 drivers/mtd/ubi/built-in.o
 .text.ltree_add_entry
                0x0001b7ac       0xd0 drivers/mtd/ubi/built-in.o
 .text.leb_write_lock
                0x0001b87c       0x14 drivers/mtd/ubi/built-in.o
 .text.ubi_eba_copy_leb
                0x0001b890      0x430 drivers/mtd/ubi/built-in.o
                0x0001b890                ubi_eba_copy_leb
 .text.ubi_eba_unmap_leb
                0x0001bcc0       0x74 drivers/mtd/ubi/built-in.o
                0x0001bcc0                ubi_eba_unmap_leb
 .text.ubi_eba_write_leb_st
                0x0001bd34      0x4e0 drivers/mtd/ubi/built-in.o
                0x0001bd34                ubi_eba_write_leb_st
 .text.ubi_eba_write_leb
                0x0001c214      0x788 drivers/mtd/ubi/built-in.o
                0x0001c214                ubi_eba_write_leb
 .text.ubi_eba_read_leb
                0x0001c99c      0x280 drivers/mtd/ubi/built-in.o
                0x0001c99c                ubi_eba_read_leb
 .text.erase_callback
                0x0001cc1c        0x4 drivers/mtd/ubi/built-in.o
 .text.check_pattern
                0x0001cc20       0x30 drivers/mtd/ubi/built-in.o
 .text.ubi_io_mark_bad
                0x0001cc50       0x80 drivers/mtd/ubi/built-in.o
                0x0001cc50                ubi_io_mark_bad
 .text.ubi_io_is_bad
                0x0001ccd0       0x5c drivers/mtd/ubi/built-in.o
                0x0001ccd0                ubi_io_is_bad
 .text.do_sync_erase
                0x0001cd2c       0xdc drivers/mtd/ubi/built-in.o
 .text.ubi_io_write
                0x0001ce08       0xa4 drivers/mtd/ubi/built-in.o
                0x0001ce08                ubi_io_write
 .text.ubi_io_write_vid_hdr
                0x0001ceac       0xa0 drivers/mtd/ubi/built-in.o
                0x0001ceac                ubi_io_write_vid_hdr
 .text.ubi_io_write_ec_hdr
                0x0001cf4c      0x10c drivers/mtd/ubi/built-in.o
                0x0001cf4c                ubi_io_write_ec_hdr
 .text.ubi_io_read
                0x0001d058       0xfc drivers/mtd/ubi/built-in.o
                0x0001d058                ubi_io_read
 .text.ubi_io_read_vid_hdr
                0x0001d154      0x4a0 drivers/mtd/ubi/built-in.o
                0x0001d154                ubi_io_read_vid_hdr
 .text.ubi_io_read_ec_hdr
                0x0001d5f4      0x334 drivers/mtd/ubi/built-in.o
                0x0001d5f4                ubi_io_read_ec_hdr
 .text.ubi_io_sync_erase
                0x0001d928      0x1b8 drivers/mtd/ubi/built-in.o
                0x0001d928                ubi_io_sync_erase
 .text.ubi_get_volume_info
                0x0001dae0       0x88 drivers/mtd/ubi/built-in.o
                0x0001dae0                ubi_get_volume_info
 .text.ubi_is_mapped
                0x0001db68       0x44 drivers/mtd/ubi/built-in.o
                0x0001db68                ubi_is_mapped
 .text.ubi_leb_unmap
                0x0001dbac       0x60 drivers/mtd/ubi/built-in.o
                0x0001dbac                ubi_leb_unmap
 .text.ubi_leb_read
                0x0001dc0c      0x124 drivers/mtd/ubi/built-in.o
                0x0001dc0c                ubi_leb_read
 .text.ubi_close_volume
                0x0001dd30       0x60 drivers/mtd/ubi/built-in.o
                0x0001dd30                ubi_close_volume
 .text.ubi_get_device_info
                0x0001dd90       0x58 drivers/mtd/ubi/built-in.o
                0x0001dd90                ubi_get_device_info
 .text.ubi_open_volume
                0x0001dde8      0x1a4 drivers/mtd/ubi/built-in.o
                0x0001dde8                ubi_open_volume
 .text.ubi_open_volume_nm
                0x0001df8c       0xc8 drivers/mtd/ubi/built-in.o
                0x0001df8c                ubi_open_volume_nm
 .text.ubi_calc_data_len
                0x0001e054       0x34 drivers/mtd/ubi/built-in.o
                0x0001e054                ubi_calc_data_len
 .text.ubi_calculate_reserved
                0x0001e088       0x28 drivers/mtd/ubi/built-in.o
                0x0001e088                ubi_calculate_reserved
 .text.ubi_check_volume
                0x0001e0b0       0xb0 drivers/mtd/ubi/built-in.o
                0x0001e0b0                ubi_check_volume
 .text.ubi_scan_find_sv
                0x0001e160       0x34 drivers/mtd/ubi/built-in.o
                0x0001e160                ubi_scan_find_sv
 .text.ubi_scan_find_seb
                0x0001e194       0x30 drivers/mtd/ubi/built-in.o
                0x0001e194                ubi_scan_find_seb
 .text.ubi_scan_destroy_si
                0x0001e1c4      0x1f8 drivers/mtd/ubi/built-in.o
                0x0001e1c4                ubi_scan_destroy_si
 .text.validate_vid_hdr
                0x0001e3bc      0x114 drivers/mtd/ubi/built-in.o
 .text.add_to_list
                0x0001e4d0       0xa8 drivers/mtd/ubi/built-in.o
 .text.ubi_scan_erase_peb
                0x0001e578      0x104 drivers/mtd/ubi/built-in.o
                0x0001e578                ubi_scan_erase_peb
 .text.ubi_scan_get_free_peb
                0x0001e67c      0x100 drivers/mtd/ubi/built-in.o
                0x0001e67c                ubi_scan_get_free_peb
 .text.ubi_scan_rm_volume
                0x0001e77c       0x6c drivers/mtd/ubi/built-in.o
                0x0001e77c                ubi_scan_rm_volume
 .text.ubi_scan_add_used
                0x0001e7e8      0xa58 drivers/mtd/ubi/built-in.o
                0x0001e7e8                ubi_scan_add_used
 .text.ubi_scan
                0x0001f240      0x698 drivers/mtd/ubi/built-in.o
                0x0001f240                ubi_scan
 .text.write_leb
                0x0001f8d8       0xc8 drivers/mtd/ubi/built-in.o
 .text.clear_update_marker
                0x0001f9a0       0xec drivers/mtd/ubi/built-in.o
 .text.ubi_more_update_data
                0x0001fa8c      0x284 drivers/mtd/ubi/built-in.o
                0x0001fa8c                ubi_more_update_data
 .text.ubi_start_update
                0x0001fd10      0x170 drivers/mtd/ubi/built-in.o
                0x0001fd10                ubi_start_update
 .text.ubi_free_volume
                0x0001fe80       0x14 drivers/mtd/ubi/built-in.o
                0x0001fe80                ubi_free_volume
 .text.ubi_add_volume
                0x0001fe94       0x54 drivers/mtd/ubi/built-in.o
                0x0001fe94                ubi_add_volume
 .text.vol_release
                0x0001fee8        0x4 drivers/mtd/ubi/built-in.o
 .text.ubi_resize_volume
                0x0001feec      0x290 drivers/mtd/ubi/built-in.o
                0x0001feec                ubi_resize_volume
 .text.ubi_create_volume
                0x0002017c      0x510 drivers/mtd/ubi/built-in.o
                0x0002017c                ubi_create_volume
 .text.create_vtbl
                0x0002068c      0x344 drivers/mtd/ubi/built-in.o
 .text.vtbl_check
                0x000209d0      0x380 drivers/mtd/ubi/built-in.o
 .text.ubi_read_volume_table
                0x00020d50      0x8c8 drivers/mtd/ubi/built-in.o
                0x00020d50                ubi_read_volume_table
 .text.ubi_change_vtbl_record
                0x00021618      0x114 drivers/mtd/ubi/built-in.o
                0x00021618                ubi_change_vtbl_record
 .text.in_wl_tree
                0x0002172c       0x5c drivers/mtd/ubi/built-in.o
 .text.cancel_pending
                0x00021788       0x58 drivers/mtd/ubi/built-in.o
 .text.tree_destroy
                0x000217e0       0x5c drivers/mtd/ubi/built-in.o
 .text.ubi_wl_close
                0x0002183c       0x94 drivers/mtd/ubi/built-in.o
                0x0002183c                ubi_wl_close
 .text.find_wl_entry
                0x000218d0       0x44 drivers/mtd/ubi/built-in.o
 .text.do_work  0x00021914       0x70 drivers/mtd/ubi/built-in.o
 .text.schedule_ubi_work
                0x00021984       0x30 drivers/mtd/ubi/built-in.o
 .text.schedule_erase
                0x000219b4       0x48 drivers/mtd/ubi/built-in.o
 .text.ensure_wear_leveling
                0x000219fc       0xa8 drivers/mtd/ubi/built-in.o
 .text.ubi_wl_flush
                0x00021aa4       0x50 drivers/mtd/ubi/built-in.o
                0x00021aa4                ubi_wl_flush
 .text.prot_tree_del
                0x00021af4       0x60 drivers/mtd/ubi/built-in.o
 .text.wl_tree_add
                0x00021b54       0x5c drivers/mtd/ubi/built-in.o
 .text.ubi_wl_init_scan
                0x00021bb0      0x2cc drivers/mtd/ubi/built-in.o
                0x00021bb0                ubi_wl_init_scan
 .text.erase_worker
                0x00021e7c      0x3ac drivers/mtd/ubi/built-in.o
 .text.ubi_wl_scrub_peb
                0x00022228       0xf8 drivers/mtd/ubi/built-in.o
                0x00022228                ubi_wl_scrub_peb
 .text.ubi_wl_put_peb
                0x00022320      0x108 drivers/mtd/ubi/built-in.o
                0x00022320                ubi_wl_put_peb
 .text.prot_tree_add
                0x00022428       0xe4 drivers/mtd/ubi/built-in.o
 .text.wear_leveling_worker
                0x0002250c      0x314 drivers/mtd/ubi/built-in.o
 .text.ubi_wl_get_peb
                0x00022820      0x17c drivers/mtd/ubi/built-in.o
                0x00022820                ubi_wl_get_peb
 .text.serial_null
                0x0002299c        0x4 drivers/serial/built-in.o
                0x0002299c                jz_serial_initialize
                0x0002299c                bfin_serial_initialize
                0x0002299c                p3mx_serial_initialize
                0x0002299c                leon2_serial_initialize
                0x0002299c                leon3_serial_initialize
                0x0002299c                amirix_serial_initialize
                0x0002299c                marvell_serial_initialize
                0x0002299c                cpci750_serial_initialize
                0x0002299c                ns16550_serial_initialize
                0x0002299c                asc_serial_initialize
                0x0002299c                altera_serial_initialize
                0x0002299c                oc_serial_initialize
                0x0002299c                sh_serial_initialize
                0x0002299c                mxs_auart_initialize
                0x0002299c                arm_dcc_initialize
                0x0002299c                bmw_serial_initialize
                0x0002299c                mcf_serial_initialize
                0x0002299c                lh7a40x_serial_initialize
                0x0002299c                evb64260_serial_initialize
                0x0002299c                lpc32xx_serial_initialize
                0x0002299c                max3100_serial_initialize
                0x0002299c                mpc85xx_serial_initialize
                0x0002299c                imx_serial_initialize
                0x0002299c                ixp_serial_initialize
                0x0002299c                bfin_jtag_initialize
                0x0002299c                cogent_serial_initialize
                0x0002299c                clps7111_serial_initialize
                0x0002299c                ml2_serial_initialize
                0x0002299c                sandbox_serial_initialize
                0x0002299c                sconsole_serial_initialize
                0x0002299c                uartlite_serial_initialize
                0x0002299c                au1x00_serial_initialize
                0x0002299c                pxa_serial_initialize
                0x0002299c                atmel_serial_initialize
                0x0002299c                pl01x_serial_initialize
                0x0002299c                altera_jtag_serial_initialize
                0x0002299c                zynq_serial_initalize
                0x0002299c                mpc512x_serial_initialize
                0x0002299c                s5p_serial_initialize
                0x0002299c                ks8695_serial_initialize
                0x0002299c                sa1100_serial_initialize
                0x0002299c                mpc8260_scc_serial_initialize
                0x0002299c                mxc_serial_initialize
                0x0002299c                iop480_serial_initialize
                0x0002299c                mpc8xx_serial_initialize
                0x0002299c                mpc8260_smc_serial_initialize
                0x0002299c                mpc5xx_serial_initialize
 .text.serial_register
                0x000229a0       0x18 drivers/serial/built-in.o
                0x000229a0                serial_register
 .text.get_current
                0x000229b8       0x3c drivers/serial/built-in.o
 .text.serial_puts
                0x000229f4       0x20 drivers/serial/built-in.o
                0x000229f4                serial_puts
 .text.serial_putc
                0x00022a14       0x20 drivers/serial/built-in.o
                0x00022a14                serial_putc
 .text.serial_tstc
                0x00022a34       0x14 drivers/serial/built-in.o
                0x00022a34                serial_tstc
 .text.serial_getc
                0x00022a48       0x14 drivers/serial/built-in.o
                0x00022a48                serial_getc
 .text.serial_setbrg
                0x00022a5c       0x14 drivers/serial/built-in.o
                0x00022a5c                serial_setbrg
 .text.on_baudrate
                0x00022a70       0xf0 drivers/serial/built-in.o
 .text.serial_init
                0x00022b60       0x14 drivers/serial/built-in.o
                0x00022b60                serial_init
 .text.serial_assign
                0x00022b74       0x50 drivers/serial/built-in.o
                0x00022b74                serial_assign
 .text.serial_initialize
                0x00022bc4       0xd0 drivers/serial/built-in.o
                0x00022bc4                serial_initialize
 .text.serial_stdio_init
                0x00022c94       0x8c drivers/serial/built-in.o
                0x00022c94                serial_stdio_init
 .text._serial_getc
                0x00022d20       0x24 drivers/serial/built-in.o
                0x00022d20                _serial_getc
 .text._serial_tstc
                0x00022d44       0x14 drivers/serial/built-in.o
                0x00022d44                _serial_tstc
 .text.s3serial0_getc
                0x00022d58        0x8 drivers/serial/built-in.o
                0x00022d58                s3serial0_getc
 .text.s3serial0_tstc
                0x00022d60        0x8 drivers/serial/built-in.o
                0x00022d60                s3serial0_tstc
 .text.s3serial1_getc
                0x00022d68        0x8 drivers/serial/built-in.o
                0x00022d68                s3serial1_getc
 .text.s3serial1_tstc
                0x00022d70        0x8 drivers/serial/built-in.o
                0x00022d70                s3serial1_tstc
 .text.s3serial2_getc
                0x00022d78        0x8 drivers/serial/built-in.o
                0x00022d78                s3serial2_getc
 .text.s3serial2_tstc
                0x00022d80        0x8 drivers/serial/built-in.o
                0x00022d80                s3serial2_tstc
 .text.default_serial_console
                0x00022d88        0xc drivers/serial/built-in.o
                0x00022d88                default_serial_console
 .text.s3c24xx_serial_initialize
                0x00022d94       0x2c drivers/serial/built-in.o
                0x00022d94                s3c24xx_serial_initialize
 .text._serial_putc
                0x00022dc0       0x2c drivers/serial/built-in.o
                0x00022dc0                _serial_putc
 .text.s3serial2_putc
                0x00022dec        0x8 drivers/serial/built-in.o
                0x00022dec                s3serial2_putc
 .text.s3serial1_putc
                0x00022df4        0x8 drivers/serial/built-in.o
                0x00022df4                s3serial1_putc
 .text.s3serial0_putc
                0x00022dfc        0x8 drivers/serial/built-in.o
                0x00022dfc                s3serial0_putc
 .text._serial_puts
                0x00022e04       0x30 drivers/serial/built-in.o
                0x00022e04                _serial_puts
 .text.s3serial2_puts
                0x00022e34        0x8 drivers/serial/built-in.o
                0x00022e34                s3serial2_puts
 .text.s3serial1_puts
                0x00022e3c        0x8 drivers/serial/built-in.o
                0x00022e3c                s3serial1_puts
 .text.s3serial0_puts
                0x00022e44        0x8 drivers/serial/built-in.o
                0x00022e44                s3serial0_puts
 .text._serial_setbrg
                0x00022e4c       0x2c drivers/serial/built-in.o
                0x00022e4c                _serial_setbrg
 .text.s3serial2_setbrg
                0x00022e78        0x8 drivers/serial/built-in.o
                0x00022e78                s3serial2_setbrg
 .text.s3serial1_setbrg
                0x00022e80        0x8 drivers/serial/built-in.o
                0x00022e80                s3serial1_setbrg
 .text.s3serial0_setbrg
                0x00022e88        0x8 drivers/serial/built-in.o
                0x00022e88                s3serial0_setbrg
 .text.serial_init_dev
                0x00022e90       0x3c drivers/serial/built-in.o
 .text.s3serial2_init
                0x00022ecc        0x8 drivers/serial/built-in.o
                0x00022ecc                s3serial2_init
 .text.s3serial1_init
                0x00022ed4        0x8 drivers/serial/built-in.o
                0x00022ed4                s3serial1_init
 .text.s3serial0_init
                0x00022edc        0x8 drivers/serial/built-in.o
                0x00022edc                s3serial0_init
 .text.roothub_a
                0x00022ee4       0x4c drivers/usb/host/built-in.o
 .text.roothub_portstatus
                0x00022f30       0x58 drivers/usb/host/built-in.o
 .text.urb_free_priv
                0x00022f88       0x38 drivers/usb/host/built-in.o
 .text.submit_int_msg
                0x00022fc0        0x8 drivers/usb/host/built-in.o
                0x00022fc0                submit_int_msg
 .text.td_fill  0x00022fc8       0x9c drivers/usb/host/built-in.o
 .text.hc_reset
                0x00023064       0xbc drivers/usb/host/built-in.o
 .text.usb_lowlevel_stop
                0x00023120       0x3c drivers/usb/host/built-in.o
                0x00023120                usb_lowlevel_stop
 .text.hc_release_ohci
                0x0002315c       0x10 drivers/usb/host/built-in.o
 .text.usb_lowlevel_init
                0x0002316c      0x228 drivers/usb/host/built-in.o
                0x0002316c                usb_lowlevel_init
 .text.sohci_submit_job
                0x00023394      0x614 drivers/usb/host/built-in.o
                0x00023394                sohci_submit_job
 .text.submit_common_msg
                0x000239a8      0x508 drivers/usb/host/built-in.o
                0x000239a8                submit_common_msg
 .text.submit_bulk_msg
                0x00023eb0       0x18 drivers/usb/host/built-in.o
                0x00023eb0                submit_bulk_msg
 .text.submit_control_msg
                0x00023ec8      0x694 drivers/usb/host/built-in.o
                0x00023ec8                submit_control_msg
 .text.ext4fs_set_blk_dev
                0x0002455c       0x6c fs/built-in.o
                0x0002455c                ext4fs_set_blk_dev
 .text.ext4fs_devread
                0x000245c8      0x288 fs/built-in.o
                0x000245c8                ext4fs_devread
 .text.ext4_read_superblock
                0x00024850       0x3c fs/built-in.o
                0x00024850                ext4_read_superblock
 .text.ext4fs_close
                0x0002488c      0x110 fs/built-in.o
                0x0002488c                ext4fs_close
 .text.read_allocated_block
                0x0002499c      0x994 fs/built-in.o
                0x0002499c                read_allocated_block
 .text.ext4fs_read_inode
                0x00025330      0x12c fs/built-in.o
                0x00025330                ext4fs_read_inode
 .text.ext4fs_mount
                0x0002545c       0xd4 fs/built-in.o
                0x0002545c                ext4fs_mount
 .text.ext4fs_iterate_dir
                0x00025530      0x288 fs/built-in.o
                0x00025530                ext4fs_iterate_dir
 .text.ext4fs_find_file1
                0x000257b8      0x2b8 fs/built-in.o
 .text.ext4fs_find_file
                0x00025a70       0x7c fs/built-in.o
                0x00025a70                ext4fs_find_file
 .text.ext4fs_open
                0x00025aec       0x9c fs/built-in.o
                0x00025aec                ext4fs_open
 .text.get_fs   0x00025b88        0xc fs/built-in.o
                0x00025b88                get_fs
 .text.ext4fs_probe
                0x00025b94       0x2c fs/built-in.o
                0x00025b94                ext4fs_probe
 .text.ext4fs_read_file
                0x00025bc0      0x248 fs/built-in.o
                0x00025bc0                ext4fs_read_file
 .text.ext4fs_read
                0x00025e08       0x44 fs/built-in.o
                0x00025e08                ext4fs_read
 .text.ext4_read_file
                0x00025e4c       0x68 fs/built-in.o
                0x00025e4c                ext4_read_file
 .text.ext4fs_free_node
                0x00025eb4       0x20 fs/built-in.o
                0x00025eb4                ext4fs_free_node
 .text.ext4fs_ls
                0x00025ed4       0x74 fs/built-in.o
                0x00025ed4                ext4fs_ls
 .text.downcase
                0x00025f48       0x38 fs/built-in.o
 .text.disk_read
                0x00025f80       0x5c fs/built-in.o
 .text.dirdelim
                0x00025fdc       0x34 fs/built-in.o
 .text.get_fatent
                0x00026010      0x188 fs/built-in.o
 .text.slot2str
                0x00026198       0xd0 fs/built-in.o
 .text.mkcksum  0x00026268       0x58 fs/built-in.o
 .text.fat_close
                0x000262c0        0x4 fs/built-in.o
                0x000262c0                fat_close
 .text.get_name
                0x000262c4       0xbc fs/built-in.o
 .text.read_bootsectandvi
                0x00026380      0x12c fs/built-in.o
 .text.file_fat_detectfs
                0x000264ac      0x154 fs/built-in.o
                0x000264ac                file_fat_detectfs
 .text.get_cluster
                0x00026600      0x178 fs/built-in.o
 .text.get_vfatname
                0x00026778      0x1c0 fs/built-in.o
 .text.do_fat_read_at
                0x00026938      0xb10 fs/built-in.o
                0x00026938                do_fat_read_at
 .text.file_fat_read_at
                0x00027448       0x44 fs/built-in.o
                0x00027448                file_fat_read_at
 .text.fat_read_file
                0x0002748c       0x38 fs/built-in.o
                0x0002748c                fat_read_file
 .text.do_fat_read
                0x000274c4       0x20 fs/built-in.o
                0x000274c4                do_fat_read
 .text.file_fat_ls
                0x000274e4       0x10 fs/built-in.o
                0x000274e4                file_fat_ls
 .text.fat_set_blk_dev
                0x000274f4       0xd8 fs/built-in.o
                0x000274f4                fat_set_blk_dev
 .text.fs_ls_unsupported
                0x000275cc        0x8 fs/built-in.o
 .text.fs_read_unsupported
                0x000275d4        0x8 fs/built-in.o
 .text.fs_write_unsupported
                0x000275dc        0x8 fs/built-in.o
 .text.fs_close_unsupported
                0x000275e4        0x4 fs/built-in.o
 .text.fs_get_info
                0x000275e8       0x30 fs/built-in.o
 .text.fs_close
                0x00027618       0x28 fs/built-in.o
 .text.fs_ls    0x00027640       0x40 fs/built-in.o
                0x00027640                fs_ls
 .text.fs_probe_unsupported
                0x00027680       0x18 fs/built-in.o
 .text.fs_read  0x00027698       0x84 fs/built-in.o
                0x00027698                fs_read
 .text.fs_set_blk_dev
                0x0002771c       0x9c fs/built-in.o
                0x0002771c                fs_set_blk_dev
 .text.do_ls    0x000277b8       0x68 fs/built-in.o
                0x000277b8                do_ls
 .text.do_load  0x00027820      0x1cc fs/built-in.o
                0x00027820                do_load
 .text.ubifs_reported_space
                0x000279ec       0x78 fs/built-in.o
                0x000279ec                ubifs_reported_space
 .text.ubifs_calc_min_idx_lebs
                0x00027a64       0x90 fs/built-in.o
                0x00027a64                ubifs_calc_min_idx_lebs
 .text.crc16    0x00027af4       0x48 fs/built-in.o
                0x00027af4                crc16
 .text.ubifs_check_node
                0x00027b3c      0x1dc fs/built-in.o
                0x00027b3c                ubifs_check_node
 .text.ubifs_read_node
                0x00027d18      0x148 fs/built-in.o
                0x00027d18                ubifs_read_node
 .text.ubifs_pad
                0x00027e60       0xf4 fs/built-in.o
                0x00027e60                ubifs_pad
 .text.ubifs_search_bud
                0x00027f54       0x34 fs/built-in.o
                0x00027f54                ubifs_search_bud
 .text.ubifs_add_bud
                0x00027f88       0xbc fs/built-in.o
                0x00027f88                ubifs_add_bud
 .text.test_bit
                0x00028044       0x3c fs/built-in.o
 .text.get_heap_comp_val
                0x00028080       0x20 fs/built-in.o
 .text.move_up_lpt_heap
                0x000280a0       0x70 fs/built-in.o
 .text.adjust_lpt_heap
                0x00028110      0x170 fs/built-in.o
 .text.ubifs_add_to_cat
                0x00028280      0x1a4 fs/built-in.o
                0x00028280                ubifs_add_to_cat
 .text.ubifs_remove_from_cat
                0x00028424       0xb0 fs/built-in.o
 .text.ubifs_replace_cat
                0x000284d4       0x6c fs/built-in.o
                0x000284d4                ubifs_replace_cat
 .text.ubifs_categorize_lprops
                0x00028540       0x94 fs/built-in.o
                0x00028540                ubifs_categorize_lprops
 .text.calc_dark
                0x000285d4       0x24 fs/built-in.o
 .text.ubifs_change_lp
                0x000285f8      0x350 fs/built-in.o
                0x000285f8                ubifs_change_lp
 .text.ubifs_update_one_lp
                0x00028948       0x64 fs/built-in.o
                0x00028948                ubifs_update_one_lp
 .text.generic_fls
                0x000289ac       0x58 fs/built-in.o
 .text.test_and_set_bit
                0x00028a04       0x60 fs/built-in.o
 .text.generic_set_bit
                0x00028a64       0x70 fs/built-in.o
 .text.generic_clear_bit
                0x00028ad4       0x38 fs/built-in.o
 .text.ubifs_unpack_bits
                0x00028b0c      0x150 fs/built-in.o
                0x00028b0c                ubifs_unpack_bits
 .text.ubifs_add_lpt_dirt
                0x00028c5c       0x38 fs/built-in.o
                0x00028c5c                ubifs_add_lpt_dirt
 .text.ubifs_add_nnode_dirt
                0x00028c94       0x60 fs/built-in.o
                0x00028c94                ubifs_add_nnode_dirt
 .text.add_pnode_dirt
                0x00028cf4       0x1c fs/built-in.o
 .text.calc_nnode_num_from_parent
                0x00028d10       0x38 fs/built-in.o
 .text.calc_pnode_num_from_parent
                0x00028d48       0x44 fs/built-in.o
 .text.check_lpt_type
                0x00028d8c       0x44 fs/built-in.o
 .text.check_lpt_crc
                0x00028dd0       0x80 fs/built-in.o
 .text.ubifs_lpt_init
                0x00028e50      0x1e0 fs/built-in.o
                0x00028e50                ubifs_lpt_init
 .text.ubifs_unpack_nnode
                0x00029030       0xd0 fs/built-in.o
                0x00029030                ubifs_unpack_nnode
 .text.dirty_cow_nnode
                0x00029100      0x110 fs/built-in.o
 .text.ubifs_read_nnode
                0x00029210      0x224 fs/built-in.o
                0x00029210                ubifs_read_nnode
 .text.ubifs_get_nnode
                0x00029434       0x30 fs/built-in.o
                0x00029434                ubifs_get_nnode
 .text.ubifs_get_pnode
                0x00029464      0x3e0 fs/built-in.o
                0x00029464                ubifs_get_pnode
 .text.ubifs_lpt_lookup_dirty
                0x00029844      0x220 fs/built-in.o
                0x00029844                ubifs_lpt_lookup_dirty
 .text.ubifs_calc_lpt_geom
                0x00029a64      0x3c0 fs/built-in.o
                0x00029a64                ubifs_calc_lpt_geom
 .text.ubifs_lpt_free
                0x00029e24      0x1d8 fs/built-in.o
                0x00029e24                ubifs_lpt_free
 .text.ubifs_read_master
                0x00029ffc      0xcd4 fs/built-in.o
                0x00029ffc                ubifs_read_master
 .text.ubifs_clear_orphans
                0x0002acd0       0x88 fs/built-in.o
                0x0002acd0                ubifs_clear_orphans
 .text.ubifs_mount_orphans
                0x0002ad58      0x438 fs/built-in.o
                0x0002ad58                ubifs_mount_orphans
 .text.is_empty
                0x0002b190       0x30 fs/built-in.o
 .text.is_last_write
                0x0002b1c0       0xa4 fs/built-in.o
 .text.find_ino
                0x0002b264       0x34 fs/built-in.o
 .text.ubifs_recover_size
                0x0002b298      0x1b0 fs/built-in.o
                0x0002b298                ubifs_recover_size
 .text.add_ino  0x0002b448       0xa4 fs/built-in.o
 .text.ubifs_recover_size_accum
                0x0002b4ec      0x134 fs/built-in.o
                0x0002b4ec                ubifs_recover_size_accum
 .text.get_master_node
                0x0002b620      0x1fc fs/built-in.o
 .text.clean_buf
                0x0002b81c       0x88 fs/built-in.o
 .text.ubifs_recover_leb
                0x0002b8a4      0x4a0 fs/built-in.o
                0x0002b8a4                ubifs_recover_leb
 .text.ubifs_recover_log_leb
                0x0002bd44      0x258 fs/built-in.o
                0x0002bd44                ubifs_recover_log_leb
 .text.ubifs_recover_master_node
                0x0002bf9c      0x1c4 fs/built-in.o
                0x0002bf9c                ubifs_recover_master_node
 .text.insert_node
                0x0002c160      0x170 fs/built-in.o
 .text.ubifs_validate_entry
                0x0002c2d0      0x110 fs/built-in.o
                0x0002c2d0                ubifs_validate_entry
 .text.ubifs_replay_journal
                0x0002c3e0     0x1118 fs/built-in.o
                0x0002c3e0                ubifs_replay_journal
 .text.key_r5_hash
                0x0002d4f8       0x44 fs/built-in.o
 .text.key_test_hash
                0x0002d53c       0x3c fs/built-in.o
 .text.ubifs_read_sb_node
                0x0002d578       0x68 fs/built-in.o
                0x0002d578                ubifs_read_sb_node
 .text.ubifs_read_superblock
                0x0002d5e0      0x798 fs/built-in.o
                0x0002d5e0                ubifs_read_superblock
 .text.ubifs_end_scan
                0x0002dd78       0x1c fs/built-in.o
                0x0002dd78                ubifs_end_scan
 .text.ubifs_scan_destroy
                0x0002dd94       0x4c fs/built-in.o
                0x0002dd94                ubifs_scan_destroy
 .text.ubifs_scanned_corruption
                0x0002dde0       0x28 fs/built-in.o
                0x0002dde0                ubifs_scanned_corruption
 .text.ubifs_add_snod
                0x0002de08       0xdc fs/built-in.o
                0x0002de08                ubifs_add_snod
 .text.ubifs_start_scan
                0x0002dee4       0xd0 fs/built-in.o
                0x0002dee4                ubifs_start_scan
 .text.ubifs_scan_a_node
                0x0002dfb4      0x154 fs/built-in.o
                0x0002dfb4                ubifs_scan_a_node
 .text.ubifs_scan
                0x0002e108      0x1a4 fs/built-in.o
                0x0002e108                ubifs_scan
 .text.sb_set   0x0002e2ac       0x10 fs/built-in.o
 .text.sb_test  0x0002e2bc       0x18 fs/built-in.o
 .text.free_orphans
                0x0002e2d4       0x98 fs/built-in.o
 .text.ubifs_iput
                0x0002e36c       0x2c fs/built-in.o
                0x0002e36c                ubifs_iput
 .text.iget_locked
                0x0002e398       0x50 fs/built-in.o
                0x0002e398                iget_locked
 .text.ubifs_umount
                0x0002e3e8       0x8c fs/built-in.o
                0x0002e3e8                ubifs_umount
 .text.ubifs_init
                0x0002e474        0x4 fs/built-in.o
                0x0002e474                ubifs_init
 .text.iput     0x0002e478       0x68 fs/built-in.o
                0x0002e478                iput
 .text.ubifs_iget
                0x0002e4e0      0x454 fs/built-in.o
                0x0002e4e0                ubifs_iget
 .text.sget     0x0002e934       0x98 fs/built-in.o
                0x0002e934                sget
 .text.ubifs_get_sb
                0x0002e9cc      0xcf0 fs/built-in.o
 .text.ubifs_mount
                0x0002f6bc       0xac fs/built-in.o
                0x0002f6bc                ubifs_mount
 .text.correct_parent_keys
                0x0002f768       0x70 fs/built-in.o
 .text.insert_zbranch
                0x0002f7d8       0xf4 fs/built-in.o
 .text.key_in_range
                0x0002f8cc       0x74 fs/built-in.o
 .text.lnc_free
                0x0002f940       0x24 fs/built-in.o
 .text.get_znode
                0x0002f964       0x40 fs/built-in.o
 .text.tnc_prev
                0x0002f9a4       0x98 fs/built-in.o
 .text.tnc_next
                0x0002fa3c       0x9c fs/built-in.o
 .text.lnc_add_directly
                0x0002fad8       0x20 fs/built-in.o
 .text.matches_name
                0x0002faf8       0xd0 fs/built-in.o
 .text.resolve_collision
                0x0002fbc8      0x1cc fs/built-in.o
 .text.tnc_read_node_nm
                0x0002fd94       0x7c fs/built-in.o
 .text.insert_old_idx
                0x0002fe10       0xc4 fs/built-in.o
 .text.insert_old_idx_znode
                0x0002fed4       0x58 fs/built-in.o
                0x0002fed4                insert_old_idx_znode
 .text.add_idx_dirt
                0x0002ff2c       0x40 fs/built-in.o
 .text.dirty_cow_znode
                0x0002ff6c      0x158 fs/built-in.o
 .text.dirty_cow_bottom_up
                0x000300c4      0x10c fs/built-in.o
 .text.tnc_delete
                0x000301d0      0x224 fs/built-in.o
 .text.lookup_level0_dirty
                0x000303f4      0x1f4 fs/built-in.o
 .text.ubifs_tnc_remove
                0x000305e8       0x34 fs/built-in.o
                0x000305e8                ubifs_tnc_remove
 .text.ubifs_lookup_level0
                0x0003061c      0x17c fs/built-in.o
                0x0003061c                ubifs_lookup_level0
 .text.ubifs_tnc_next_ent
                0x00030798      0x118 fs/built-in.o
                0x00030798                ubifs_tnc_next_ent
 .text.ubifs_tnc_remove_range
                0x000308b0      0x1e0 fs/built-in.o
                0x000308b0                ubifs_tnc_remove_range
 .text.fallible_read_node
                0x00030a90      0x174 fs/built-in.o
 .text.fallible_matches_name
                0x00030c04       0xdc fs/built-in.o
 .text.fallible_resolve_collision
                0x00030ce0      0x294 fs/built-in.o
 .text.ubifs_tnc_remove_nm
                0x00030f74       0xd0 fs/built-in.o
                0x00030f74                ubifs_tnc_remove_nm
 .text.ubifs_tnc_remove_ino
                0x00031044      0x154 fs/built-in.o